Archive member included to satisfy reference by file (symbol)

c:/program files (x86)/atollic/truestudio for stm32 9.2.0/armtools/bin/../lib/gcc/arm-atollic-eabi/6.3.1/../../../../arm-atollic-eabi/lib/armv7-m\libc_nano.a(lib_a-errno.o)
                              Src\syscalls.o (__errno)
c:/program files (x86)/atollic/truestudio for stm32 9.2.0/armtools/bin/../lib/gcc/arm-atollic-eabi/6.3.1/../../../../arm-atollic-eabi/lib/armv7-m\libc_nano.a(lib_a-impure.o)
                              c:/program files (x86)/atollic/truestudio for stm32 9.2.0/armtools/bin/../lib/gcc/arm-atollic-eabi/6.3.1/../../../../arm-atollic-eabi/lib/armv7-m\libc_nano.a(lib_a-errno.o) (_impure_ptr)
c:/program files (x86)/atollic/truestudio for stm32 9.2.0/armtools/bin/../lib/gcc/arm-atollic-eabi/6.3.1/../../../../arm-atollic-eabi/lib/armv7-m\libc_nano.a(lib_a-init.o)
                              startup\startup_stm32f103xb.o (__libc_init_array)
c:/program files (x86)/atollic/truestudio for stm32 9.2.0/armtools/bin/../lib/gcc/arm-atollic-eabi/6.3.1/../../../../arm-atollic-eabi/lib/armv7-m\libc_nano.a(lib_a-memset.o)
                              Drivers\STM32F1xx_HAL_Driver\Src\stm32f1xx_hal_rcc.o (memset)
c:/program files (x86)/atollic/truestudio for stm32 9.2.0/armtools/bin/../lib/gcc/arm-atollic-eabi/6.3.1/../../../../arm-atollic-eabi/lib/armv7-m\libc_nano.a(lib_a-sprintf.o)
                              Src\main.o (sprintf)
c:/program files (x86)/atollic/truestudio for stm32 9.2.0/armtools/bin/../lib/gcc/arm-atollic-eabi/6.3.1/../../../../arm-atollic-eabi/lib/armv7-m\libc_nano.a(lib_a-strlen.o)
                              Src\main.o (strlen)
c:/program files (x86)/atollic/truestudio for stm32 9.2.0/armtools/bin/../lib/gcc/arm-atollic-eabi/6.3.1/../../../../arm-atollic-eabi/lib/armv7-m\libc_nano.a(lib_a-nano-svfprintf.o)
                              c:/program files (x86)/atollic/truestudio for stm32 9.2.0/armtools/bin/../lib/gcc/arm-atollic-eabi/6.3.1/../../../../arm-atollic-eabi/lib/armv7-m\libc_nano.a(lib_a-sprintf.o) (_svfprintf_r)
c:/program files (x86)/atollic/truestudio for stm32 9.2.0/armtools/bin/../lib/gcc/arm-atollic-eabi/6.3.1/../../../../arm-atollic-eabi/lib/armv7-m\libc_nano.a(lib_a-nano-vfprintf_i.o)
                              c:/program files (x86)/atollic/truestudio for stm32 9.2.0/armtools/bin/../lib/gcc/arm-atollic-eabi/6.3.1/../../../../arm-atollic-eabi/lib/armv7-m\libc_nano.a(lib_a-nano-svfprintf.o) (_printf_i)
c:/program files (x86)/atollic/truestudio for stm32 9.2.0/armtools/bin/../lib/gcc/arm-atollic-eabi/6.3.1/../../../../arm-atollic-eabi/lib/armv7-m\libc_nano.a(lib_a-memchr-stub.o)
                              c:/program files (x86)/atollic/truestudio for stm32 9.2.0/armtools/bin/../lib/gcc/arm-atollic-eabi/6.3.1/../../../../arm-atollic-eabi/lib/armv7-m\libc_nano.a(lib_a-nano-svfprintf.o) (memchr)
c:/program files (x86)/atollic/truestudio for stm32 9.2.0/armtools/bin/../lib/gcc/arm-atollic-eabi/6.3.1/../../../../arm-atollic-eabi/lib/armv7-m\libc_nano.a(lib_a-memcpy-stub.o)
                              c:/program files (x86)/atollic/truestudio for stm32 9.2.0/armtools/bin/../lib/gcc/arm-atollic-eabi/6.3.1/../../../../arm-atollic-eabi/lib/armv7-m\libc_nano.a(lib_a-nano-svfprintf.o) (memcpy)
c:/program files (x86)/atollic/truestudio for stm32 9.2.0/armtools/bin/../lib/gcc/arm-atollic-eabi/6.3.1/../../../../arm-atollic-eabi/lib/armv7-m\libc_nano.a(lib_a-memmove.o)
                              c:/program files (x86)/atollic/truestudio for stm32 9.2.0/armtools/bin/../lib/gcc/arm-atollic-eabi/6.3.1/../../../../arm-atollic-eabi/lib/armv7-m\libc_nano.a(lib_a-nano-svfprintf.o) (memmove)
c:/program files (x86)/atollic/truestudio for stm32 9.2.0/armtools/bin/../lib/gcc/arm-atollic-eabi/6.3.1/../../../../arm-atollic-eabi/lib/armv7-m\libc_nano.a(lib_a-nano-freer.o)
                              c:/program files (x86)/atollic/truestudio for stm32 9.2.0/armtools/bin/../lib/gcc/arm-atollic-eabi/6.3.1/../../../../arm-atollic-eabi/lib/armv7-m\libc_nano.a(lib_a-nano-svfprintf.o) (_free_r)
c:/program files (x86)/atollic/truestudio for stm32 9.2.0/armtools/bin/../lib/gcc/arm-atollic-eabi/6.3.1/../../../../arm-atollic-eabi/lib/armv7-m\libc_nano.a(lib_a-nano-mallocr.o)
                              c:/program files (x86)/atollic/truestudio for stm32 9.2.0/armtools/bin/../lib/gcc/arm-atollic-eabi/6.3.1/../../../../arm-atollic-eabi/lib/armv7-m\libc_nano.a(lib_a-nano-svfprintf.o) (_malloc_r)
c:/program files (x86)/atollic/truestudio for stm32 9.2.0/armtools/bin/../lib/gcc/arm-atollic-eabi/6.3.1/../../../../arm-atollic-eabi/lib/armv7-m\libc_nano.a(lib_a-nano-reallocr.o)
                              c:/program files (x86)/atollic/truestudio for stm32 9.2.0/armtools/bin/../lib/gcc/arm-atollic-eabi/6.3.1/../../../../arm-atollic-eabi/lib/armv7-m\libc_nano.a(lib_a-nano-svfprintf.o) (_realloc_r)
[...]
Memory Configuration

Name             Origin             Length             Attributes
RAM              0x20000000         0x00005000         xrw
FLASH            0x08000000         0x00010000         xr
*default*        0x00000000         0xffffffff

Linker script and memory map

LOAD c:/program files (x86)/atollic/truestudio for stm32 9.2.0/armtools/bin/../lib/gcc/arm-atollic-eabi/6.3.1/armv7-m/crti.o
LOAD c:/program files (x86)/atollic/truestudio for stm32 9.2.0/armtools/bin/../lib/gcc/arm-atollic-eabi/6.3.1/armv7-m/crtbegin.o
LOAD Drivers\STM32F1xx_HAL_Driver\Src\stm32f1xx_hal.o
LOAD Drivers\STM32F1xx_HAL_Driver\Src\stm32f1xx_hal_cortex.o
LOAD Drivers\STM32F1xx_HAL_Driver\Src\stm32f1xx_hal_dma.o
LOAD Drivers\STM32F1xx_HAL_Driver\Src\stm32f1xx_hal_flash.o
LOAD Drivers\STM32F1xx_HAL_Driver\Src\stm32f1xx_hal_flash_ex.o
LOAD Drivers\STM32F1xx_HAL_Driver\Src\stm32f1xx_hal_gpio.o
LOAD Drivers\STM32F1xx_HAL_Driver\Src\stm32f1xx_hal_gpio_ex.o
LOAD Drivers\STM32F1xx_HAL_Driver\Src\stm32f1xx_hal_pcd.o
LOAD Drivers\STM32F1xx_HAL_Driver\Src\stm32f1xx_hal_pcd_ex.o
LOAD Drivers\STM32F1xx_HAL_Driver\Src\stm32f1xx_hal_pwr.o
LOAD Drivers\STM32F1xx_HAL_Driver\Src\stm32f1xx_hal_rcc.o
LOAD Drivers\STM32F1xx_HAL_Driver\Src\stm32f1xx_hal_rcc_ex.o
LOAD Drivers\STM32F1xx_HAL_Driver\Src\stm32f1xx_hal_tim.o
LOAD Drivers\STM32F1xx_HAL_Driver\Src\stm32f1xx_hal_tim_ex.o
LOAD Drivers\STM32F1xx_HAL_Driver\Src\stm32f1xx_ll_usb.o
LOAD Middlewares\ST\STM32_USB_Device_Library\Class\CDC\Src\usbd_cdc.o
LOAD Middlewares\ST\STM32_USB_Device_Library\Core\Src\usbd_core.o
LOAD Middlewares\ST\STM32_USB_Device_Library\Core\Src\usbd_ctlreq.o
LOAD Middlewares\ST\STM32_USB_Device_Library\Core\Src\usbd_ioreq.o
LOAD Src\main.o
LOAD Src\stm32f1xx_hal_msp.o
LOAD Src\stm32f1xx_it.o
LOAD Src\syscalls.o
LOAD Src\system_stm32f1xx.o
LOAD Src\usb_device.o
LOAD Src\usbd_cdc_if.o
LOAD Src\usbd_conf.o
LOAD Src\usbd_desc.o
LOAD startup\startup_stm32f103xb.o
                0x00000080                malloc_getpagesize_P = 0x80
START GROUP
LOAD c:/program files (x86)/atollic/truestudio for stm32 9.2.0/armtools/bin/../lib/gcc/arm-atollic-eabi/6.3.1/../../../../arm-atollic-eabi/lib/armv7-m\libc_nano.a
LOAD c:/program files (x86)/atollic/truestudio for stm32 9.2.0/armtools/bin/../lib/gcc/arm-atollic-eabi/6.3.1/../../../../arm-atollic-eabi/lib/armv7-m\libm.a
END GROUP
START GROUP
LOAD c:/program files (x86)/atollic/truestudio for stm32 9.2.0/armtools/bin/../lib/gcc/arm-atollic-eabi/6.3.1/armv7-m\libgcc.a
LOAD c:/program files (x86)/atollic/truestudio for stm32 9.2.0/armtools/bin/../lib/gcc/arm-atollic-eabi/6.3.1/../../../../arm-atollic-eabi/lib/armv7-m\libc_nano.a
END GROUP
START GROUP
LOAD c:/program files (x86)/atollic/truestudio for stm32 9.2.0/armtools/bin/../lib/gcc/arm-atollic-eabi/6.3.1/armv7-m\libgcc.a
LOAD c:/program files (x86)/atollic/truestudio for stm32 9.2.0/armtools/bin/../lib/gcc/arm-atollic-eabi/6.3.1/../../../../arm-atollic-eabi/lib/armv7-m\libc_nano.a
LOAD c:/program files (x86)/atollic/truestudio for stm32 9.2.0/armtools/bin/../lib/gcc/arm-atollic-eabi/6.3.1/../../../../arm-atollic-eabi/lib/armv7-m\libnosys.a
END GROUP
START GROUP
LOAD c:/program files (x86)/atollic/truestudio for stm32 9.2.0/armtools/bin/../lib/gcc/arm-atollic-eabi/6.3.1/armv7-m\libgcc.a
LOAD c:/program files (x86)/atollic/truestudio for stm32 9.2.0/armtools/bin/../lib/gcc/arm-atollic-eabi/6.3.1/../../../../arm-atollic-eabi/lib/armv7-m\libc_nano.a
LOAD c:/program files (x86)/atollic/truestudio for stm32 9.2.0/armtools/bin/../lib/gcc/arm-atollic-eabi/6.3.1/../../../../arm-atollic-eabi/lib/armv7-m\libnosys.a
END GROUP
LOAD c:/program files (x86)/atollic/truestudio for stm32 9.2.0/armtools/bin/../lib/gcc/arm-atollic-eabi/6.3.1/armv7-m/crtend.o
LOAD c:/program files (x86)/atollic/truestudio for stm32 9.2.0/armtools/bin/../lib/gcc/arm-atollic-eabi/6.3.1/armv7-m/crtn.o
                0x20005000                _estack = 0x20005000
                0x00000200                _Min_Heap_Size = 0x200
                0x00000400                _Min_Stack_Size = 0x400

.isr_vector     0x08000000      0x10c
                0x08000000                . = ALIGN (0x4)
 *(.isr_vector)
 .isr_vector    0x08000000      0x10c startup\startup_stm32f103xb.o
                0x08000000                g_pfnVectors
                0x0800010c                . = ALIGN (0x4)

.text           0x0800010c     0x2d7c
                0x0800010c                . = ALIGN (0x4)
 *(.text)
 .text          0x0800010c       0x40 c:/program files (x86)/atollic/truestudio for stm32 9.2.0/armtools/bin/../lib/gcc/arm-atollic-eabi/6.3.1/armv7-m/crtbegin.o
 *(.text*)
 .text.HAL_InitTick
                0x0800014c       0x48 Drivers\STM32F1xx_HAL_Driver\Src\stm32f1xx_hal.o
                0x0800014c                HAL_InitTick
 .text.HAL_Init
                0x08000194       0x24 Drivers\STM32F1xx_HAL_Driver\Src\stm32f1xx_hal.o
                0x08000194                HAL_Init
 .text.HAL_IncTick
                0x080001b8       0x18 Drivers\STM32F1xx_HAL_Driver\Src\stm32f1xx_hal.o
                0x080001b8                HAL_IncTick
 .text.HAL_GetTick
                0x080001d0        0xc Drivers\STM32F1xx_HAL_Driver\Src\stm32f1xx_hal.o
                0x080001d0                HAL_GetTick
 .text.HAL_NVIC_SetPriorityGrouping
                0x080001dc       0x24 Drivers\STM32F1xx_HAL_Driver\Src\stm32f1xx_hal_cortex.o
                0x080001dc                HAL_NVIC_SetPriorityGrouping
 .text.HAL_NVIC_SetPriority
                0x08000200       0x68 Drivers\STM32F1xx_HAL_Driver\Src\stm32f1xx_hal_cortex.o
                0x08000200                HAL_NVIC_SetPriority
 .text.HAL_NVIC_EnableIRQ
                0x08000268       0x18 Drivers\STM32F1xx_HAL_Driver\Src\stm32f1xx_hal_cortex.o
                0x08000268                HAL_NVIC_EnableIRQ
 .text.HAL_SYSTICK_Config
                0x08000280       0x2c Drivers\STM32F1xx_HAL_Driver\Src\stm32f1xx_hal_cortex.o
                0x08000280                HAL_SYSTICK_Config
 .text.HAL_GPIO_Init
                0x080002ac      0x1c0 Drivers\STM32F1xx_HAL_Driver\Src\stm32f1xx_hal_gpio.o
                0x080002ac                HAL_GPIO_Init
 .text.HAL_GPIO_ReadPin
                0x0800046c        0xc Drivers\STM32F1xx_HAL_Driver\Src\stm32f1xx_hal_gpio.o
                0x0800046c                HAL_GPIO_ReadPin
 .text.HAL_GPIO_WritePin
                0x08000478        0xa Drivers\STM32F1xx_HAL_Driver\Src\stm32f1xx_hal_gpio.o
                0x08000478                HAL_GPIO_WritePin
 .text.HAL_PCD_Init
                0x08000482       0xd2 Drivers\STM32F1xx_HAL_Driver\Src\stm32f1xx_hal_pcd.o
                0x08000482                HAL_PCD_Init
 .text.HAL_PCD_Start
                0x08000554       0x2e Drivers\STM32F1xx_HAL_Driver\Src\stm32f1xx_hal_pcd.o
                0x08000554                HAL_PCD_Start
 .text.HAL_PCD_SetAddress
                0x08000582       0x28 Drivers\STM32F1xx_HAL_Driver\Src\stm32f1xx_hal_pcd.o
                0x08000582                HAL_PCD_SetAddress
 .text.HAL_PCD_EP_Open
                0x080005aa       0x46 Drivers\STM32F1xx_HAL_Driver\Src\stm32f1xx_hal_pcd.o
                0x080005aa                HAL_PCD_EP_Open
 .text.HAL_PCD_EP_Close
                0x080005f0       0x42 Drivers\STM32F1xx_HAL_Driver\Src\stm32f1xx_hal_pcd.o
                0x080005f0                HAL_PCD_EP_Close
 .text.HAL_PCD_EP_Receive
                0x08000632       0x30 Drivers\STM32F1xx_HAL_Driver\Src\stm32f1xx_hal_pcd.o
                0x08000632                HAL_PCD_EP_Receive
 .text.HAL_PCD_EP_GetRxCount
                0x08000662        0xe Drivers\STM32F1xx_HAL_Driver\Src\stm32f1xx_hal_pcd.o
                0x08000662                HAL_PCD_EP_GetRxCount
 .text.HAL_PCD_EP_Transmit
                0x08000670       0x2c Drivers\STM32F1xx_HAL_Driver\Src\stm32f1xx_hal_pcd.o
                0x08000670                HAL_PCD_EP_Transmit
 .text.HAL_PCD_IRQHandler
                0x0800069c      0x4f0 Drivers\STM32F1xx_HAL_Driver\Src\stm32f1xx_hal_pcd.o
                0x0800069c                HAL_PCD_IRQHandler
 .text.HAL_PCD_EP_SetStall
                0x08000b8c       0x52 Drivers\STM32F1xx_HAL_Driver\Src\stm32f1xx_hal_pcd.o
                0x08000b8c                HAL_PCD_EP_SetStall
 .text.HAL_PCD_EP_ClrStall
                0x08000bde       0x46 Drivers\STM32F1xx_HAL_Driver\Src\stm32f1xx_hal_pcd.o
                0x08000bde                HAL_PCD_EP_ClrStall
 .text.HAL_PCDEx_PMAConfig
                0x08000c24       0x30 Drivers\STM32F1xx_HAL_Driver\Src\stm32f1xx_hal_pcd_ex.o
                0x08000c24                HAL_PCDEx_PMAConfig
 .text.HAL_RCC_OscConfig
                0x08000c54      0x318 Drivers\STM32F1xx_HAL_Driver\Src\stm32f1xx_hal_rcc.o
                0x08000c54                HAL_RCC_OscConfig
 .text.HAL_RCC_GetSysClockFreq
                0x08000f6c       0x78 Drivers\STM32F1xx_HAL_Driver\Src\stm32f1xx_hal_rcc.o
                0x08000f6c                HAL_RCC_GetSysClockFreq
 .text.HAL_RCC_ClockConfig
                0x08000fe4      0x164 Drivers\STM32F1xx_HAL_Driver\Src\stm32f1xx_hal_rcc.o
                0x08000fe4                HAL_RCC_ClockConfig
 .text.HAL_RCCEx_PeriphCLKConfig
                0x08001148       0xf0 Drivers\STM32F1xx_HAL_Driver\Src\stm32f1xx_hal_rcc_ex.o
                0x08001148                HAL_RCCEx_PeriphCLKConfig
 .text.HAL_TIM_Base_Start_IT
                0x08001238       0x16 Drivers\STM32F1xx_HAL_Driver\Src\stm32f1xx_hal_tim.o
                0x08001238                HAL_TIM_Base_Start_IT
 .text.HAL_TIM_ConfigClockSource
                0x0800124e      0x172 Drivers\STM32F1xx_HAL_Driver\Src\stm32f1xx_hal_tim.o
                0x0800124e                HAL_TIM_ConfigClockSource
 .text.HAL_TIM_OC_DelayElapsedCallback
                0x080013c0        0x2 Drivers\STM32F1xx_HAL_Driver\Src\stm32f1xx_hal_tim.o
                0x080013c0                HAL_TIM_OC_DelayElapsedCallback
 .text.HAL_TIM_IC_CaptureCallback
                0x080013c2        0x2 Drivers\STM32F1xx_HAL_Driver\Src\stm32f1xx_hal_tim.o
                0x080013c2                HAL_TIM_IC_CaptureCallback
 .text.HAL_TIM_PWM_PulseFinishedCallback
                0x080013c4        0x2 Drivers\STM32F1xx_HAL_Driver\Src\stm32f1xx_hal_tim.o
                0x080013c4                HAL_TIM_PWM_PulseFinishedCallback
 .text.HAL_TIM_TriggerCallback
                0x080013c6        0x2 Drivers\STM32F1xx_HAL_Driver\Src\stm32f1xx_hal_tim.o
                0x080013c6                HAL_TIM_TriggerCallback
 .text.HAL_TIM_IRQHandler
                0x080013c8      0x144 Drivers\STM32F1xx_HAL_Driver\Src\stm32f1xx_hal_tim.o
                0x080013c8                HAL_TIM_IRQHandler
 .text.TIM_Base_SetConfig
                0x0800150c       0x70 Drivers\STM32F1xx_HAL_Driver\Src\stm32f1xx_hal_tim.o
                0x0800150c                TIM_Base_SetConfig
 .text.HAL_TIM_Base_Init
                0x0800157c       0x34 Drivers\STM32F1xx_HAL_Driver\Src\stm32f1xx_hal_tim.o
                0x0800157c                HAL_TIM_Base_Init
 .text.HAL_TIMEx_MasterConfigSynchronization
                0x080015b0       0x44 Drivers\STM32F1xx_HAL_Driver\Src\stm32f1xx_hal_tim_ex.o
                0x080015b0                HAL_TIMEx_MasterConfigSynchronization
 .text.HAL_TIMEx_CommutationCallback
                0x080015f4        0x2 Drivers\STM32F1xx_HAL_Driver\Src\stm32f1xx_hal_tim_ex.o
                0x080015f4                HAL_TIMEx_CommutationCallback
 .text.HAL_TIMEx_BreakCallback
                0x080015f6        0x2 Drivers\STM32F1xx_HAL_Driver\Src\stm32f1xx_hal_tim_ex.o
                0x080015f6                HAL_TIMEx_BreakCallback
 .text.USB_CoreInit
                0x080015f8        0xe Drivers\STM32F1xx_HAL_Driver\Src\stm32f1xx_ll_usb.o
                0x080015f8                USB_CoreInit
 .text.USB_EnableGlobalInt
                0x08001606       0x12 Drivers\STM32F1xx_HAL_Driver\Src\stm32f1xx_ll_usb.o
                0x08001606                USB_EnableGlobalInt
 .text.USB_DisableGlobalInt
                0x08001618       0x14 Drivers\STM32F1xx_HAL_Driver\Src\stm32f1xx_ll_usb.o
                0x08001618                USB_DisableGlobalInt
 .text.USB_SetCurrentMode
                0x0800162c        0x4 Drivers\STM32F1xx_HAL_Driver\Src\stm32f1xx_ll_usb.o
                0x0800162c                USB_SetCurrentMode
 .text.USB_DevInit
                0x08001630       0x36 Drivers\STM32F1xx_HAL_Driver\Src\stm32f1xx_ll_usb.o
                0x08001630                USB_DevInit
 *fill*         0x08001666        0x2 
 .text.USB_ActivateEndpoint
                0x08001668      0x2e4 Drivers\STM32F1xx_HAL_Driver\Src\stm32f1xx_ll_usb.o
                0x08001668                USB_ActivateEndpoint
 .text.USB_DeactivateEndpoint
                0x0800194c      0x19c Drivers\STM32F1xx_HAL_Driver\Src\stm32f1xx_ll_usb.o
                0x0800194c                USB_DeactivateEndpoint
 .text.USB_EPSetStall
                0x08001ae8       0x64 Drivers\STM32F1xx_HAL_Driver\Src\stm32f1xx_ll_usb.o
                0x08001ae8                USB_EPSetStall
 .text.USB_EPClearStall
                0x08001b4c       0x84 Drivers\STM32F1xx_HAL_Driver\Src\stm32f1xx_ll_usb.o
                0x08001b4c                USB_EPClearStall
 .text.USB_SetDevAddress
                0x08001bd0        0xc Drivers\STM32F1xx_HAL_Driver\Src\stm32f1xx_ll_usb.o
                0x08001bd0                USB_SetDevAddress
 .text.USB_DevConnect
                0x08001bdc        0x4 Drivers\STM32F1xx_HAL_Driver\Src\stm32f1xx_ll_usb.o
                0x08001bdc                USB_DevConnect
 .text.USB_DevDisconnect
                0x08001be0        0x4 Drivers\STM32F1xx_HAL_Driver\Src\stm32f1xx_ll_usb.o
                0x08001be0                USB_DevDisconnect
 .text.USB_ReadInterrupts
                0x08001be4        0x8 Drivers\STM32F1xx_HAL_Driver\Src\stm32f1xx_ll_usb.o
                0x08001be4                USB_ReadInterrupts
 .text.USB_EP0_OutStart
                0x08001bec        0x4 Drivers\STM32F1xx_HAL_Driver\Src\stm32f1xx_ll_usb.o
                0x08001bec                USB_EP0_OutStart
 .text.USB_WritePMA
                0x08001bf0       0x22 Drivers\STM32F1xx_HAL_Driver\Src\stm32f1xx_ll_usb.o
                0x08001bf0                USB_WritePMA
 *fill*         0x08001c12        0x2 
 .text.USB_EPStartXfer
                0x08001c14      0x200 Drivers\STM32F1xx_HAL_Driver\Src\stm32f1xx_ll_usb.o
                0x08001c14                USB_EPStartXfer
 .text.USB_ReadPMA
                0x08001e14       0x22 Drivers\STM32F1xx_HAL_Driver\Src\stm32f1xx_ll_usb.o
                0x08001e14                USB_ReadPMA
 .text.USBD_CDC_DataIn
                0x08001e36       0x12 Middlewares\ST\STM32_USB_Device_Library\Class\CDC\Src\usbd_cdc.o
 .text.USBD_CDC_EP0_RxReady
                0x08001e48       0x28 Middlewares\ST\STM32_USB_Device_Library\Class\CDC\Src\usbd_cdc.o
 .text.USBD_CDC_GetFSCfgDesc
                0x08001e70        0xc Middlewares\ST\STM32_USB_Device_Library\Class\CDC\Src\usbd_cdc.o
 .text.USBD_CDC_GetHSCfgDesc
                0x08001e7c        0xc Middlewares\ST\STM32_USB_Device_Library\Class\CDC\Src\usbd_cdc.o
 .text.USBD_CDC_GetOtherSpeedCfgDesc
                0x08001e88        0xc Middlewares\ST\STM32_USB_Device_Library\Class\CDC\Src\usbd_cdc.o
 .text.USBD_CDC_GetDeviceQualifierDescriptor
                0x08001e94        0xc Middlewares\ST\STM32_USB_Device_Library\Class\CDC\Src\usbd_cdc.o
                0x08001e94                USBD_CDC_GetDeviceQualifierDescriptor
 .text.USBD_CDC_DataOut
                0x08001ea0       0x2e Middlewares\ST\STM32_USB_Device_Library\Class\CDC\Src\usbd_cdc.o
 *fill*         0x08001ece        0x2 
 .text.USBD_CDC_Setup
                0x08001ed0       0x68 Middlewares\ST\STM32_USB_Device_Library\Class\CDC\Src\usbd_cdc.o
 .text.USBD_CDC_DeInit
                0x08001f38       0x3a Middlewares\ST\STM32_USB_Device_Library\Class\CDC\Src\usbd_cdc.o
 .text.USBD_CDC_Init
                0x08001f72       0x8c Middlewares\ST\STM32_USB_Device_Library\Class\CDC\Src\usbd_cdc.o
 .text.USBD_CDC_RegisterInterface
                0x08001ffe        0xe Middlewares\ST\STM32_USB_Device_Library\Class\CDC\Src\usbd_cdc.o
                0x08001ffe                USBD_CDC_RegisterInterface
 .text.USBD_CDC_SetTxBuffer
                0x0800200c       0x10 Middlewares\ST\STM32_USB_Device_Library\Class\CDC\Src\usbd_cdc.o
                0x0800200c                USBD_CDC_SetTxBuffer
 .text.USBD_CDC_SetRxBuffer
                0x0800201c        0xc Middlewares\ST\STM32_USB_Device_Library\Class\CDC\Src\usbd_cdc.o
                0x0800201c                USBD_CDC_SetRxBuffer
 .text.USBD_CDC_ReceivePacket
                0x08002028       0x26 Middlewares\ST\STM32_USB_Device_Library\Class\CDC\Src\usbd_cdc.o
                0x08002028                USBD_CDC_ReceivePacket
 .text.USBD_Init
                0x0800204e       0x2a Middlewares\ST\STM32_USB_Device_Library\Core\Src\usbd_core.o
                0x0800204e                USBD_Init
 .text.USBD_RegisterClass
                0x08002078        0xe Middlewares\ST\STM32_USB_Device_Library\Core\Src\usbd_core.o
                0x08002078                USBD_RegisterClass
 .text.USBD_Start
                0x08002086        0xa Middlewares\ST\STM32_USB_Device_Library\Core\Src\usbd_core.o
                0x08002086                USBD_Start
 .text.USBD_SetClassConfig
                0x08002090       0x16 Middlewares\ST\STM32_USB_Device_Library\Core\Src\usbd_core.o
                0x08002090                USBD_SetClassConfig
 .text.USBD_ClrClassConfig
                0x080020a6        0xe Middlewares\ST\STM32_USB_Device_Library\Core\Src\usbd_core.o
                0x080020a6                USBD_ClrClassConfig
 .text.USBD_LL_SetupStage
                0x080020b4       0x5a Middlewares\ST\STM32_USB_Device_Library\Core\Src\usbd_core.o
                0x080020b4                USBD_LL_SetupStage
 .text.USBD_LL_DataOutStage
                0x0800210e       0x64 Middlewares\ST\STM32_USB_Device_Library\Core\Src\usbd_core.o
                0x0800210e                USBD_LL_DataOutStage
 .text.USBD_LL_DataInStage
                0x08002172       0x9e Middlewares\ST\STM32_USB_Device_Library\Core\Src\usbd_core.o
                0x08002172                USBD_LL_DataInStage
 .text.USBD_LL_Reset
                0x08002210       0x3e Middlewares\ST\STM32_USB_Device_Library\Core\Src\usbd_core.o
                0x08002210                USBD_LL_Reset
 .text.USBD_LL_SetSpeed
                0x0800224e        0x6 Middlewares\ST\STM32_USB_Device_Library\Core\Src\usbd_core.o
                0x0800224e                USBD_LL_SetSpeed
 .text.USBD_LL_Suspend
                0x08002254       0x12 Middlewares\ST\STM32_USB_Device_Library\Core\Src\usbd_core.o
                0x08002254                USBD_LL_Suspend
 .text.USBD_LL_Resume
                0x08002266        0xc Middlewares\ST\STM32_USB_Device_Library\Core\Src\usbd_core.o
                0x08002266                USBD_LL_Resume
 .text.USBD_LL_SOF
                0x08002272       0x18 Middlewares\ST\STM32_USB_Device_Library\Core\Src\usbd_core.o
                0x08002272                USBD_LL_SOF
 .text.USBD_CtlError.constprop.0
                0x0800228a       0x16 Middlewares\ST\STM32_USB_Device_Library\Core\Src\usbd_ctlreq.o
 .text.USBD_StdDevReq
                0x080022a0      0x1f4 Middlewares\ST\STM32_USB_Device_Library\Core\Src\usbd_ctlreq.o
                0x080022a0                USBD_StdDevReq
 .text.USBD_StdItfReq
                0x08002494       0x30 Middlewares\ST\STM32_USB_Device_Library\Core\Src\usbd_ctlreq.o
                0x08002494                USBD_StdItfReq
 .text.USBD_StdEPReq
                0x080024c4       0xc6 Middlewares\ST\STM32_USB_Device_Library\Core\Src\usbd_ctlreq.o
                0x080024c4                USBD_StdEPReq
 .text.USBD_ParseSetupRequest
                0x0800258a       0x28 Middlewares\ST\STM32_USB_Device_Library\Core\Src\usbd_ctlreq.o
                0x0800258a                USBD_ParseSetupRequest
 .text.USBD_GetString
                0x080025b2       0x38 Middlewares\ST\STM32_USB_Device_Library\Core\Src\usbd_ctlreq.o
                0x080025b2                USBD_GetString
 .text.USBD_CtlSendData
                0x080025ea       0x1a Middlewares\ST\STM32_USB_Device_Library\Core\Src\usbd_ioreq.o
                0x080025ea                USBD_CtlSendData
 .text.USBD_CtlContinueSendData
                0x08002604       0x10 Middlewares\ST\STM32_USB_Device_Library\Core\Src\usbd_ioreq.o
                0x08002604                USBD_CtlContinueSendData
 .text.USBD_CtlPrepareRx
                0x08002614       0x1e Middlewares\ST\STM32_USB_Device_Library\Core\Src\usbd_ioreq.o
                0x08002614                USBD_CtlPrepareRx
 .text.USBD_CtlContinueRx
                0x08002632       0x10 Middlewares\ST\STM32_USB_Device_Library\Core\Src\usbd_ioreq.o
                0x08002632                USBD_CtlContinueRx
 .text.USBD_CtlSendStatus
                0x08002642       0x16 Middlewares\ST\STM32_USB_Device_Library\Core\Src\usbd_ioreq.o
                0x08002642                USBD_CtlSendStatus
 .text.USBD_CtlReceiveStatus
                0x08002658       0x16 Middlewares\ST\STM32_USB_Device_Library\Core\Src\usbd_ioreq.o
                0x08002658                USBD_CtlReceiveStatus
 .text.SystemClock_Config
                0x0800266e       0x6e Src\main.o
                0x0800266e                SystemClock_Config
 .text.HAL_TIM_PeriodElapsedCallback
                0x080026dc       0x64 Src\main.o
                0x080026dc                HAL_TIM_PeriodElapsedCallback
 .text.distance_process
                0x08002740       0x5c Src\main.o
                0x08002740                distance_process
 .text.startup.main
                0x0800279c      0x144 Src\main.o
                0x0800279c                main
 .text.Error_Handler
                0x080028e0        0x2 Src\main.o
                0x080028e0                Error_Handler
 *fill*         0x080028e2        0x2 
 .text.HAL_MspInit
                0x080028e4       0x44 Src\stm32f1xx_hal_msp.o
                0x080028e4                HAL_MspInit
 .text.HAL_TIM_Base_MspInit
                0x08002928       0x36 Src\stm32f1xx_hal_msp.o
                0x08002928                HAL_TIM_Base_MspInit
 .text.NMI_Handler
                0x0800295e        0x2 Src\stm32f1xx_it.o
                0x0800295e                NMI_Handler
 .text.HardFault_Handler
                0x08002960        0x2 Src\stm32f1xx_it.o
                0x08002960                HardFault_Handler
 .text.MemManage_Handler
                0x08002962        0x2 Src\stm32f1xx_it.o
                0x08002962                MemManage_Handler
 .text.BusFault_Handler
                0x08002964        0x2 Src\stm32f1xx_it.o
                0x08002964                BusFault_Handler
 .text.UsageFault_Handler
                0x08002966        0x2 Src\stm32f1xx_it.o
                0x08002966                UsageFault_Handler
 .text.SVC_Handler
                0x08002968        0x2 Src\stm32f1xx_it.o
                0x08002968                SVC_Handler
 .text.DebugMon_Handler
                0x0800296a        0x2 Src\stm32f1xx_it.o
                0x0800296a                DebugMon_Handler
 .text.PendSV_Handler
                0x0800296c        0x2 Src\stm32f1xx_it.o
                0x0800296c                PendSV_Handler
 .text.SysTick_Handler
                0x0800296e        0x4 Src\stm32f1xx_it.o
                0x0800296e                SysTick_Handler
 *fill*         0x08002972        0x2 
 .text.USB_LP_CAN1_RX0_IRQHandler
                0x08002974        0xc Src\stm32f1xx_it.o
                0x08002974                USB_LP_CAN1_RX0_IRQHandler
 .text.TIM2_IRQHandler
                0x08002980        0xc Src\stm32f1xx_it.o
                0x08002980                TIM2_IRQHandler
 .text.SystemInit
                0x0800298c       0x4c Src\system_stm32f1xx.o
                0x0800298c                SystemInit
 .text.MX_USB_DEVICE_Init
                0x080029d8       0x50 Src\usb_device.o
                0x080029d8                MX_USB_DEVICE_Init
 .text.CDC_DeInit_FS
                0x08002a28        0x4 Src\usbd_cdc_if.o
 .text.CDC_Control_FS
                0x08002a2c        0x4 Src\usbd_cdc_if.o
 .text.CDC_Init_FS
                0x08002a30       0x28 Src\usbd_cdc_if.o
 .text.CDC_Receive_Callback
                0x08002a58        0x2 Src\usbd_cdc_if.o
                0x08002a58                CDC_Receive_Callback
 *fill*         0x08002a5a        0x2 
 .text.CDC_Receive_FS
                0x08002a5c       0x28 Src\usbd_cdc_if.o
 .text.HAL_PCD_MspInit
                0x08002a84       0x3c Src\usbd_conf.o
                0x08002a84                HAL_PCD_MspInit
 .text.HAL_PCD_SetupStageCallback
                0x08002ac0        0xc Src\usbd_conf.o
                0x08002ac0                HAL_PCD_SetupStageCallback
 .text.HAL_PCD_DataOutStageCallback
                0x08002acc       0x10 Src\usbd_conf.o
                0x08002acc                HAL_PCD_DataOutStageCallback
 .text.HAL_PCD_DataInStageCallback
                0x08002adc        0xe Src\usbd_conf.o
                0x08002adc                HAL_PCD_DataInStageCallback
 .text.HAL_PCD_SOFCallback
                0x08002aea        0x8 Src\usbd_conf.o
                0x08002aea                HAL_PCD_SOFCallback
 .text.HAL_PCD_ResetCallback
                0x08002af2       0x24 Src\usbd_conf.o
                0x08002af2                HAL_PCD_ResetCallback
 *fill*         0x08002b16        0x2 
 .text.HAL_PCD_SuspendCallback
                0x08002b18       0x20 Src\usbd_conf.o
                0x08002b18                HAL_PCD_SuspendCallback
 .text.HAL_PCD_ResumeCallback
                0x08002b38        0x8 Src\usbd_conf.o
                0x08002b38                HAL_PCD_ResumeCallback
 .text.USBD_LL_Init
                0x08002b40       0x80 Src\usbd_conf.o
                0x08002b40                USBD_LL_Init
 .text.USBD_LL_Start
                0x08002bc0       0x1c Src\usbd_conf.o
                0x08002bc0                USBD_LL_Start
 .text.USBD_LL_OpenEP
                0x08002bdc       0x20 Src\usbd_conf.o
                0x08002bdc                USBD_LL_OpenEP
 .text.USBD_LL_CloseEP
                0x08002bfc       0x1c Src\usbd_conf.o
                0x08002bfc                USBD_LL_CloseEP
 .text.USBD_LL_StallEP
                0x08002c18       0x1c Src\usbd_conf.o
                0x08002c18                USBD_LL_StallEP
 .text.USBD_LL_ClearStallEP
                0x08002c34       0x1c Src\usbd_conf.o
                0x08002c34                USBD_LL_ClearStallEP
 .text.USBD_LL_IsStallEP
                0x08002c50       0x20 Src\usbd_conf.o
                0x08002c50                USBD_LL_IsStallEP
 .text.USBD_LL_SetUSBAddress
                0x08002c70       0x1c Src\usbd_conf.o
                0x08002c70                USBD_LL_SetUSBAddress
 .text.USBD_LL_Transmit
                0x08002c8c       0x1c Src\usbd_conf.o
                0x08002c8c                USBD_LL_Transmit
 .text.USBD_LL_PrepareReceive
                0x08002ca8       0x1c Src\usbd_conf.o
                0x08002ca8                USBD_LL_PrepareReceive
 .text.USBD_LL_GetRxDataSize
                0x08002cc4        0xc Src\usbd_conf.o
                0x08002cc4                USBD_LL_GetRxDataSize
 .text.USBD_static_malloc
                0x08002cd0        0x8 Src\usbd_conf.o
                0x08002cd0                USBD_static_malloc
 .text.USBD_static_free
                0x08002cd8        0x2 Src\usbd_conf.o
                0x08002cd8                USBD_static_free
 .text.HAL_PCDEx_SetConnectionState
                0x08002cda        0x2 Src\usbd_conf.o
                0x08002cda                HAL_PCDEx_SetConnectionState
 .text.USBD_FS_DeviceDescriptor
                0x08002cdc        0xc Src\usbd_desc.o
                0x08002cdc                USBD_FS_DeviceDescriptor
 .text.USBD_FS_LangIDStrDescriptor
                0x08002ce8        0xc Src\usbd_desc.o
                0x08002ce8                USBD_FS_LangIDStrDescriptor
 .text.IntToUnicode
                0x08002cf4       0x28 Src\usbd_desc.o
 .text.USBD_FS_SerialStrDescriptor
                0x08002d1c       0x40 Src\usbd_desc.o
                0x08002d1c                USBD_FS_SerialStrDescriptor
 .text.USBD_FS_ManufacturerStrDescriptor
                0x08002d5c       0x1c Src\usbd_desc.o
                0x08002d5c                USBD_FS_ManufacturerStrDescriptor
 .text.USBD_FS_ProductStrDescriptor
                0x08002d78       0x1c Src\usbd_desc.o
                0x08002d78                USBD_FS_ProductStrDescriptor
 .text.USBD_FS_ConfigStrDescriptor
                0x08002d94       0x1c Src\usbd_desc.o
                0x08002d94                USBD_FS_ConfigStrDescriptor
 .text.USBD_FS_InterfaceStrDescriptor
                0x08002db0       0x1c Src\usbd_desc.o
                0x08002db0                USBD_FS_InterfaceStrDescriptor
 .text.Reset_Handler
                0x08002dcc       0x48 startup\startup_stm32f103xb.o
                0x08002dcc                Reset_Handler
 .text.Default_Handler
                0x08002e14        0x2 startup\startup_stm32f103xb.o
                0x08002e14                RTC_Alarm_IRQHandler
                0x08002e14                EXTI2_IRQHandler
                0x08002e14                TIM1_CC_IRQHandler
                0x08002e14                PVD_IRQHandler
                0x08002e14                EXTI3_IRQHandler
                0x08002e14                EXTI0_IRQHandler
                0x08002e14                I2C2_EV_IRQHandler
                0x08002e14                ADC1_2_IRQHandler
                0x08002e14                SPI1_IRQHandler
                0x08002e14                TAMPER_IRQHandler
                0x08002e14                DMA1_Channel4_IRQHandler
                0x08002e14                USART3_IRQHandler
                0x08002e14                RTC_IRQHandler
                0x08002e14                DMA1_Channel7_IRQHandler
                0x08002e14                CAN1_RX1_IRQHandler
                0x08002e14                TIM4_IRQHandler
                0x08002e14                I2C1_EV_IRQHandler
                0x08002e14                DMA1_Channel6_IRQHandler
                0x08002e14                TIM3_IRQHandler
                0x08002e14                RCC_IRQHandler
                0x08002e14                TIM1_TRG_COM_IRQHandler
                0x08002e14                DMA1_Channel1_IRQHandler
                0x08002e14                Default_Handler
                0x08002e14                EXTI15_10_IRQHandler
                0x08002e14                EXTI9_5_IRQHandler
                0x08002e14                SPI2_IRQHandler
                0x08002e14                DMA1_Channel5_IRQHandler
                0x08002e14                EXTI4_IRQHandler
                0x08002e14                USB_HP_CAN1_TX_IRQHandler
                0x08002e14                DMA1_Channel3_IRQHandler
                0x08002e14                TIM1_UP_IRQHandler
                0x08002e14                WWDG_IRQHandler
                0x08002e14                TIM1_BRK_IRQHandler
                0x08002e14                EXTI1_IRQHandler
                0x08002e14                USART2_IRQHandler
                0x08002e14                I2C2_ER_IRQHandler
                0x08002e14                DMA1_Channel2_IRQHandler
                0x08002e14                CAN1_SCE_IRQHandler
                0x08002e14                FLASH_IRQHandler
                0x08002e14                USART1_IRQHandler
                0x08002e14                I2C1_ER_IRQHandler
                0x08002e14                USBWakeUp_IRQHandler
 *fill*         0x08002e16        0x2 
 .text.__libc_init_array
                0x08002e18       0x48 c:/program files (x86)/atollic/truestudio for stm32 9.2.0/armtools/bin/../lib/gcc/arm-atollic-eabi/6.3.1/../../../../arm-atollic-eabi/lib/armv7-m\libc_nano.a(lib_a-init.o)
                0x08002e18                __libc_init_array
 .text.memset   0x08002e60       0x10 c:/program files (x86)/atollic/truestudio for stm32 9.2.0/armtools/bin/../lib/gcc/arm-atollic-eabi/6.3.1/../../../../arm-atollic-eabi/lib/armv7-m\libc_nano.a(lib_a-memset.o)
                0x08002e60                memset
 *(.glue_7)
 .glue_7        0x08002e70        0x0 linker stubs
 *(.glue_7t)
 .glue_7t       0x08002e70        0x0 linker stubs
 *(.eh_frame)
 .eh_frame      0x08002e70        0x0 c:/program files (x86)/atollic/truestudio for stm32 9.2.0/armtools/bin/../lib/gcc/arm-atollic-eabi/6.3.1/armv7-m/crtbegin.o
 *(.init)
 .init          0x08002e70        0x4 c:/program files (x86)/atollic/truestudio for stm32 9.2.0/armtools/bin/../lib/gcc/arm-atollic-eabi/6.3.1/armv7-m/crti.o
                0x08002e70                _init
 .init          0x08002e74        0x8 c:/program files (x86)/atollic/truestudio for stm32 9.2.0/armtools/bin/../lib/gcc/arm-atollic-eabi/6.3.1/armv7-m/crtn.o
 *(.fini)
 .fini          0x08002e7c        0x4 c:/program files (x86)/atollic/truestudio for stm32 9.2.0/armtools/bin/../lib/gcc/arm-atollic-eabi/6.3.1/armv7-m/crti.o
                0x08002e7c                _fini
 .fini          0x08002e80        0x8 c:/program files (x86)/atollic/truestudio for stm32 9.2.0/armtools/bin/../lib/gcc/arm-atollic-eabi/6.3.1/armv7-m/crtn.o
                0x08002e88                . = ALIGN (0x4)
                0x08002e88                _etext = .

.vfp11_veneer   0x08002e88        0x0
 .vfp11_veneer  0x08002e88        0x0 linker stubs

.v4_bx          0x08002e88        0x0
 .v4_bx         0x08002e88        0x0 linker stubs

.iplt           0x08002e88        0x0
 .iplt          0x08002e88        0x0 c:/program files (x86)/atollic/truestudio for stm32 9.2.0/armtools/bin/../lib/gcc/arm-atollic-eabi/6.3.1/armv7-m/crtbegin.o

.rodata         0x08002e88       0x68
                0x08002e88                . = ALIGN (0x4)
 *(.rodata)
 .rodata        0x08002e88       0x10 Drivers\STM32F1xx_HAL_Driver\Src\stm32f1xx_hal_rcc.o
 *(.rodata*)
 .rodata.AHBPrescTable
                0x08002e98       0x10 Src\system_stm32f1xx.o
                0x08002e98                AHBPrescTable
 .rodata.CSWTCH.4
                0x08002ea8        0x4 Src\usbd_conf.o
 .rodata.USBD_FS_ConfigStrDescriptor.str1.1
                0x08002eac        0xb Src\usbd_desc.o
 .rodata.USBD_FS_InterfaceStrDescriptor.str1.1
                0x08002eb7        0xe Src\usbd_desc.o
 .rodata.USBD_FS_ManufacturerStrDescriptor.str1.1
                0x08002ec5       0x13 Src\usbd_desc.o
 .rodata.USBD_FS_ProductStrDescriptor.str1.1
                0x08002ed8       0x16 Src\usbd_desc.o
                0x08002ef0                . = ALIGN (0x4)
 *fill*         0x08002eee        0x2 

.rel.dyn        0x08002ef0        0x0
 .rel.iplt      0x08002ef0        0x0 c:/program files (x86)/atollic/truestudio for stm32 9.2.0/armtools/bin/../lib/gcc/arm-atollic-eabi/6.3.1/armv7-m/crtbegin.o

.ARM.extab
 *(.ARM.extab* .gnu.linkonce.armextab.*)

.ARM            0x08002ef0        0x0
                0x08002ef0                __exidx_start = .
 *(.ARM.exidx*)
                0x08002ef0                __exidx_end = .

.preinit_array  0x08002ef0        0x0
                0x08002ef0                PROVIDE (__preinit_array_start, .)
 *(.preinit_array*)
                0x08002ef0                PROVIDE (__preinit_array_end, .)

.init_array     0x08002ef0        0x4
                0x08002ef0                PROVIDE (__init_array_start, .)
 *(SORT(.init_array.*))
 *(.init_array*)
 .init_array    0x08002ef0        0x4 c:/program files (x86)/atollic/truestudio for stm32 9.2.0/armtools/bin/../lib/gcc/arm-atollic-eabi/6.3.1/armv7-m/crtbegin.o
                0x08002ef4                PROVIDE (__init_array_end, .)

.fini_array     0x08002ef4        0x4
                [!provide]                PROVIDE (__fini_array_start, .)
 *(SORT(.fini_array.*))
 *(.fini_array*)
 .fini_array    0x08002ef4        0x4 c:/program files (x86)/atollic/truestudio for stm32 9.2.0/armtools/bin/../lib/gcc/arm-atollic-eabi/6.3.1/armv7-m/crtbegin.o
                [!provide]                PROVIDE (__fini_array_end, .)
                0x08002ef8                _sidata = LOADADDR (.data)

.data           0x20000000      0x17c load address 0x08002ef8
                0x20000000                . = ALIGN (0x4)
                0x20000000                _sdata = .
 *(.data)
 *(.data*)
 .data.uwTickFreq
                0x20000000        0x1 Drivers\STM32F1xx_HAL_Driver\Src\stm32f1xx_hal.o
                0x20000000                uwTickFreq
 *fill*         0x20000001        0x3 
 .data.uwTickPrio
                0x20000004        0x4 Drivers\STM32F1xx_HAL_Driver\Src\stm32f1xx_hal.o
                0x20000004                uwTickPrio
 .data.USBD_CDC
                0x20000008       0x38 Middlewares\ST\STM32_USB_Device_Library\Class\CDC\Src\usbd_cdc.o
                0x20000008                USBD_CDC
 .data.USBD_CDC_CfgFSDesc
                0x20000040       0x43 Middlewares\ST\STM32_USB_Device_Library\Class\CDC\Src\usbd_cdc.o
                0x20000040                USBD_CDC_CfgFSDesc
 *fill*         0x20000083        0x1 
 .data.USBD_CDC_CfgHSDesc
                0x20000084       0x43 Middlewares\ST\STM32_USB_Device_Library\Class\CDC\Src\usbd_cdc.o
                0x20000084                USBD_CDC_CfgHSDesc
 *fill*         0x200000c7        0x1 
 .data.USBD_CDC_DeviceQualifierDesc
                0x200000c8        0xa Middlewares\ST\STM32_USB_Device_Library\Class\CDC\Src\usbd_cdc.o
 *fill*         0x200000d2        0x2 
 .data.USBD_CDC_OtherSpeedCfgDesc
                0x200000d4       0x43 Middlewares\ST\STM32_USB_Device_Library\Class\CDC\Src\usbd_cdc.o
                0x200000d4                USBD_CDC_OtherSpeedCfgDesc
 *fill*         0x20000117        0x1 
 .data.SystemCoreClock
                0x20000118        0x4 Src\system_stm32f1xx.o
                0x20000118                SystemCoreClock
 .data.USBD_Interface_fops_FS
                0x2000011c       0x10 Src\usbd_cdc_if.o
                0x2000011c                USBD_Interface_fops_FS
 .data.FS_Desc  0x2000012c       0x1c Src\usbd_desc.o
                0x2000012c                FS_Desc
 .data.USBD_FS_DeviceDesc
                0x20000148       0x12 Src\usbd_desc.o
                0x20000148                USBD_FS_DeviceDesc
 *fill*         0x2000015a        0x2 
 .data.USBD_LangIDDesc
                0x2000015c        0x4 Src\usbd_desc.o
                0x2000015c                USBD_LangIDDesc
 .data.USBD_StringSerial
                0x20000160       0x1a Src\usbd_desc.o
                0x20000160                USBD_StringSerial
                0x2000017c                . = ALIGN (0x4)
 *fill*         0x2000017a        0x2 
                0x2000017c                _edata = .

.igot.plt       0x2000017c        0x0 load address 0x08003074
 .igot.plt      0x2000017c        0x0 c:/program files (x86)/atollic/truestudio for stm32 9.2.0/armtools/bin/../lib/gcc/arm-atollic-eabi/6.3.1/armv7-m/crtbegin.o
                0x2000017c                . = ALIGN (0x4)

.bss            0x2000017c     0x1378 load address 0x08003074
                0x2000017c                _sbss = .
                0x2000017c                __bss_start__ = _sbss
 *(.bss)
 .bss           0x2000017c       0x1c c:/program files (x86)/atollic/truestudio for stm32 9.2.0/armtools/bin/../lib/gcc/arm-atollic-eabi/6.3.1/armv7-m/crtbegin.o
 *(.bss*)
 .bss.ifalt.7960
                0x20000198        0x1 Middlewares\ST\STM32_USB_Device_Library\Class\CDC\Src\usbd_cdc.o
 .bss.cfgidx.7965
                0x20000199        0x1 Middlewares\ST\STM32_USB_Device_Library\Core\Src\usbd_ctlreq.o
 *fill*         0x2000019a        0x2 
 .bss.mem.8048  0x2000019c      0x220 Src\usbd_conf.o
 *(COMMON)
 COMMON         0x200003bc        0x4 Drivers\STM32F1xx_HAL_Driver\Src\stm32f1xx_hal.o
                0x200003bc                uwTick
 COMMON         0x200003c0       0xdd Src\main.o
                0x200003c0                s_proximidad
                0x200003c1                p2
                0x200003c2                led4
                0x200003c3                led1
                0x200003c4                p1
                0x200003c6                i
                0x200003c8                led3
                0x200003cc                TIMERS
                0x20000400                htim2
                0x20000440                p3
                0x20000441                bufer
                0x2000049b                p4
                0x2000049c                led2
 *fill*         0x2000049d        0x3 
 COMMON         0x200004a0      0x224 Src\usb_device.o
                0x200004a0                hUsbDeviceFS
 COMMON         0x200006c4      0x7d0 Src\usbd_cdc_if.o
                0x200006c4                UserRxBufferFS
                0x20000aac                UserTxBufferFS
 COMMON         0x20000e94      0x460 Src\usbd_conf.o
                0x20000e94                hpcd_USB_FS
 COMMON         0x200012f4      0x200 Src\usbd_desc.o
                0x200012f4                USBD_StrDesc
                0x200014f4                . = ALIGN (0x4)
                0x200014f4                _ebss = .
                0x200014f4                __bss_end__ = _ebss

._user_heap_stack
                0x200014f4      0x600 load address 0x08003074
                0x200014f4                . = ALIGN (0x4)
                0x200014f4                PROVIDE (end, .)
                [!provide]                PROVIDE (_end, .)
                0x200016f4                . = (. + _Min_Heap_Size)
 *fill*         0x200014f4      0x200 
                0x20001af4                . = (. + _Min_Stack_Size)
 *fill*         0x200016f4      0x400 
                0x20001af4                . = ALIGN (0x4)

/DISCARD/
 libc.a(*)
 libm.a(*)
 libgcc.a(*)

.ARM.attributes
                0x00000000       0x29
 *(.ARM.attributes)
 .ARM.attributes
                0x00000000       0x1d c:/program files (x86)/atollic/truestudio for stm32 9.2.0/armtools/bin/../lib/gcc/arm-atollic-eabi/6.3.1/armv7-m/crti.o
 .ARM.attributes
                0x0000001d       0x2d c:/program files (x86)/atollic/truestudio for stm32 9.2.0/armtools/bin/../lib/gcc/arm-atollic-eabi/6.3.1/armv7-m/crtbegin.o
 .ARM.attributes
                0x0000004a       0x33 Drivers\STM32F1xx_HAL_Driver\Src\stm32f1xx_hal.o
 .ARM.attributes
                0x0000007d       0x33 Drivers\STM32F1xx_HAL_Driver\Src\stm32f1xx_hal_cortex.o
 .ARM.attributes
                0x000000b0       0x33 Drivers\STM32F1xx_HAL_Driver\Src\stm32f1xx_hal_gpio.o
 .ARM.attributes
                0x000000e3       0x33 Drivers\STM32F1xx_HAL_Driver\Src\stm32f1xx_hal_pcd.o
 .ARM.attributes
                0x00000116       0x33 Drivers\STM32F1xx_HAL_Driver\Src\stm32f1xx_hal_pcd_ex.o
 .ARM.attributes
                0x00000149       0x33 Drivers\STM32F1xx_HAL_Driver\Src\stm32f1xx_hal_rcc.o
 .ARM.attributes
                0x0000017c       0x33 Drivers\STM32F1xx_HAL_Driver\Src\stm32f1xx_hal_rcc_ex.o
 .ARM.attributes
                0x000001af       0x33 Drivers\STM32F1xx_HAL_Driver\Src\stm32f1xx_hal_tim.o
 .ARM.attributes
                0x000001e2       0x33 Drivers\STM32F1xx_HAL_Driver\Src\stm32f1xx_hal_tim_ex.o
 .ARM.attributes
                0x00000215       0x33 Drivers\STM32F1xx_HAL_Driver\Src\stm32f1xx_ll_usb.o
 .ARM.attributes
                0x00000248       0x33 Middlewares\ST\STM32_USB_Device_Library\Class\CDC\Src\usbd_cdc.o
 .ARM.attributes
                0x0000027b       0x33 Middlewares\ST\STM32_USB_Device_Library\Core\Src\usbd_core.o
 .ARM.attributes
                0x000002ae       0x33 Middlewares\ST\STM32_USB_Device_Library\Core\Src\usbd_ctlreq.o
 .ARM.attributes
                0x000002e1       0x33 Middlewares\ST\STM32_USB_Device_Library\Core\Src\usbd_ioreq.o
 .ARM.attributes
                0x00000314       0x33 Src\main.o
 .ARM.attributes
                0x00000347       0x33 Src\stm32f1xx_hal_msp.o
 .ARM.attributes
                0x0000037a       0x33 Src\stm32f1xx_it.o
 .ARM.attributes
                0x000003ad       0x33 Src\system_stm32f1xx.o
 .ARM.attributes
                0x000003e0       0x33 Src\usb_device.o
 .ARM.attributes
                0x00000413       0x33 Src\usbd_cdc_if.o
 .ARM.attributes
                0x00000446       0x33 Src\usbd_conf.o
 .ARM.attributes
                0x00000479       0x33 Src\usbd_desc.o
 .ARM.attributes
                0x000004ac       0x21 startup\startup_stm32f103xb.o
 .ARM.attributes
                0x000004cd       0x2d c:/program files (x86)/atollic/truestudio for stm32 9.2.0/armtools/bin/../lib/gcc/arm-atollic-eabi/6.3.1/../../../../arm-atollic-eabi/lib/armv7-m\libc_nano.a(lib_a-init.o)
 .ARM.attributes
                0x000004fa       0x2d c:/program files (x86)/atollic/truestudio for stm32 9.2.0/armtools/bin/../lib/gcc/arm-atollic-eabi/6.3.1/../../../../arm-atollic-eabi/lib/armv7-m\libc_nano.a(lib_a-memset.o)
 .ARM.attributes
                0x00000527       0x1d c:/program files (x86)/atollic/truestudio for stm32 9.2.0/armtools/bin/../lib/gcc/arm-atollic-eabi/6.3.1/armv7-m/crtn.o
OUTPUT(MS2.elf elf32-littlearm)

.debug_info     0x00000000    0x1d189
 .debug_info    0x00000000      0xfc8 Drivers\STM32F1xx_HAL_Driver\Src\stm32f1xx_hal.o
 .debug_info    0x00000fc8     0x14a9 Drivers\STM32F1xx_HAL_Driver\Src\stm32f1xx_hal_cortex.o
 .debug_info    0x00002471      0xec2 Drivers\STM32F1xx_HAL_Driver\Src\stm32f1xx_hal_gpio.o
 .debug_info    0x00003333     0x19bf Drivers\STM32F1xx_HAL_Driver\Src\stm32f1xx_hal_pcd.o
 .debug_info    0x00004cf2      0xe43 Drivers\STM32F1xx_HAL_Driver\Src\stm32f1xx_hal_pcd_ex.o
 .debug_info    0x00005b35     0x123d Drivers\STM32F1xx_HAL_Driver\Src\stm32f1xx_hal_rcc.o
 .debug_info    0x00006d72      0xc9d Drivers\STM32F1xx_HAL_Driver\Src\stm32f1xx_hal_rcc_ex.o
 .debug_info    0x00007a0f     0x3bb9 Drivers\STM32F1xx_HAL_Driver\Src\stm32f1xx_hal_tim.o
 .debug_info    0x0000b5c8     0x1989 Drivers\STM32F1xx_HAL_Driver\Src\stm32f1xx_hal_tim_ex.o
 .debug_info    0x0000cf51     0x1746 Drivers\STM32F1xx_HAL_Driver\Src\stm32f1xx_ll_usb.o
 .debug_info    0x0000e697     0x153c Middlewares\ST\STM32_USB_Device_Library\Class\CDC\Src\usbd_cdc.o
 .debug_info    0x0000fbd3     0x14ac Middlewares\ST\STM32_USB_Device_Library\Core\Src\usbd_core.o
 .debug_info    0x0001107f     0x14df Middlewares\ST\STM32_USB_Device_Library\Core\Src\usbd_ctlreq.o
 .debug_info    0x0001255e     0x100b Middlewares\ST\STM32_USB_Device_Library\Core\Src\usbd_ioreq.o
 .debug_info    0x00013569     0x1b9c Src\main.o
 .debug_info    0x00015105     0x1159 Src\stm32f1xx_hal_msp.o
 .debug_info    0x0001625e     0x12d2 Src\stm32f1xx_it.o
 .debug_info    0x00017530      0xc4d Src\system_stm32f1xx.o
 .debug_info    0x0001817d      0xf1a Src\usb_device.o
 .debug_info    0x00019097     0x1119 Src\usbd_cdc_if.o
 .debug_info    0x0001a1b0     0x20c7 Src\usbd_conf.o
 .debug_info    0x0001c277      0xe81 Src\usbd_desc.o
 .debug_info    0x0001d0f8       0x91 startup\startup_stm32f103xb.o

.debug_abbrev   0x00000000     0x3ec6
 .debug_abbrev  0x00000000      0x315 Drivers\STM32F1xx_HAL_Driver\Src\stm32f1xx_hal.o
 .debug_abbrev  0x00000315      0x399 Drivers\STM32F1xx_HAL_Driver\Src\stm32f1xx_hal_cortex.o
 .debug_abbrev  0x000006ae      0x268 Drivers\STM32F1xx_HAL_Driver\Src\stm32f1xx_hal_gpio.o
 .debug_abbrev  0x00000916      0x39a Drivers\STM32F1xx_HAL_Driver\Src\stm32f1xx_hal_pcd.o
 .debug_abbrev  0x00000cb0      0x1f5 Drivers\STM32F1xx_HAL_Driver\Src\stm32f1xx_hal_pcd_ex.o
 .debug_abbrev  0x00000ea5      0x367 Drivers\STM32F1xx_HAL_Driver\Src\stm32f1xx_hal_rcc.o
 .debug_abbrev  0x0000120c      0x277 Drivers\STM32F1xx_HAL_Driver\Src\stm32f1xx_hal_rcc_ex.o
 .debug_abbrev  0x00001483      0x3bb Drivers\STM32F1xx_HAL_Driver\Src\stm32f1xx_hal_tim.o
 .debug_abbrev  0x0000183e      0x30d Drivers\STM32F1xx_HAL_Driver\Src\stm32f1xx_hal_tim_ex.o
 .debug_abbrev  0x00001b4b      0x31c Drivers\STM32F1xx_HAL_Driver\Src\stm32f1xx_ll_usb.o
 .debug_abbrev  0x00001e67      0x2e8 Middlewares\ST\STM32_USB_Device_Library\Class\CDC\Src\usbd_cdc.o
 .debug_abbrev  0x0000214f      0x308 Middlewares\ST\STM32_USB_Device_Library\Core\Src\usbd_core.o
 .debug_abbrev  0x00002457      0x3aa Middlewares\ST\STM32_USB_Device_Library\Core\Src\usbd_ctlreq.o
 .debug_abbrev  0x00002801      0x1da Middlewares\ST\STM32_USB_Device_Library\Core\Src\usbd_ioreq.o
 .debug_abbrev  0x000029db      0x3a5 Src\main.o
 .debug_abbrev  0x00002d80      0x228 Src\stm32f1xx_hal_msp.o
 .debug_abbrev  0x00002fa8      0x222 Src\stm32f1xx_it.o
 .debug_abbrev  0x000031ca      0x1eb Src\system_stm32f1xx.o
 .debug_abbrev  0x000033b5      0x1ef Src\usb_device.o
 .debug_abbrev  0x000035a4      0x2d4 Src\usbd_cdc_if.o
 .debug_abbrev  0x00003878      0x317 Src\usbd_conf.o
 .debug_abbrev  0x00003b8f      0x325 Src\usbd_desc.o
 .debug_abbrev  0x00003eb4       0x12 startup\startup_stm32f103xb.o

.debug_loc      0x00000000     0x819b
 .debug_loc     0x00000000      0x11b Drivers\STM32F1xx_HAL_Driver\Src\stm32f1xx_hal.o
 .debug_loc     0x0000011b      0x46b Drivers\STM32F1xx_HAL_Driver\Src\stm32f1xx_hal_cortex.o
 .debug_loc     0x00000586      0x36a Drivers\STM32F1xx_HAL_Driver\Src\stm32f1xx_hal_gpio.o
 .debug_loc     0x000008f0      0x995 Drivers\STM32F1xx_HAL_Driver\Src\stm32f1xx_hal_pcd.o
 .debug_loc     0x00001285       0xe0 Drivers\STM32F1xx_HAL_Driver\Src\stm32f1xx_hal_pcd_ex.o
 .debug_loc     0x00001365      0x4c3 Drivers\STM32F1xx_HAL_Driver\Src\stm32f1xx_hal_rcc.o
 .debug_loc     0x00001828      0x29d Drivers\STM32F1xx_HAL_Driver\Src\stm32f1xx_hal_rcc_ex.o
 .debug_loc     0x00001ac5     0x300c Drivers\STM32F1xx_HAL_Driver\Src\stm32f1xx_hal_tim.o
 .debug_loc     0x00004ad1      0x822 Drivers\STM32F1xx_HAL_Driver\Src\stm32f1xx_hal_tim_ex.o
 .debug_loc     0x000052f3      0xb9c Drivers\STM32F1xx_HAL_Driver\Src\stm32f1xx_ll_usb.o
 .debug_loc     0x00005e8f      0x4cf Middlewares\ST\STM32_USB_Device_Library\Class\CDC\Src\usbd_cdc.o
 .debug_loc     0x0000635e      0x5f2 Middlewares\ST\STM32_USB_Device_Library\Core\Src\usbd_core.o
 .debug_loc     0x00006950      0x7cd Middlewares\ST\STM32_USB_Device_Library\Core\Src\usbd_ctlreq.o
 .debug_loc     0x0000711d      0x23c Middlewares\ST\STM32_USB_Device_Library\Core\Src\usbd_ioreq.o
 .debug_loc     0x00007359       0x21 Src\main.o
 .debug_loc     0x0000737a       0x4d Src\stm32f1xx_hal_msp.o
 .debug_loc     0x000073c7       0xcd Src\system_stm32f1xx.o
 .debug_loc     0x00007494      0x122 Src\usbd_cdc_if.o
 .debug_loc     0x000075b6      0x8ec Src\usbd_conf.o
 .debug_loc     0x00007ea2      0x2f9 Src\usbd_desc.o

.debug_aranges  0x00000000      0xc68
 .debug_aranges
                0x00000000       0xc8 Drivers\STM32F1xx_HAL_Driver\Src\stm32f1xx_hal.o
 .debug_aranges
                0x000000c8       0x90 Drivers\STM32F1xx_HAL_Driver\Src\stm32f1xx_hal_cortex.o
 .debug_aranges
                0x00000158       0x58 Drivers\STM32F1xx_HAL_Driver\Src\stm32f1xx_hal_gpio.o
 .debug_aranges
                0x000001b0       0xc0 Drivers\STM32F1xx_HAL_Driver\Src\stm32f1xx_hal_pcd.o
 .debug_aranges
                0x00000270       0x28 Drivers\STM32F1xx_HAL_Driver\Src\stm32f1xx_hal_pcd_ex.o
 .debug_aranges
                0x00000298       0x88 Drivers\STM32F1xx_HAL_Driver\Src\stm32f1xx_hal_rcc.o
 .debug_aranges
                0x00000320       0x30 Drivers\STM32F1xx_HAL_Driver\Src\stm32f1xx_hal_rcc_ex.o
 .debug_aranges
                0x00000350      0x250 Drivers\STM32F1xx_HAL_Driver\Src\stm32f1xx_hal_tim.o
 .debug_aranges
                0x000005a0       0xe8 Drivers\STM32F1xx_HAL_Driver\Src\stm32f1xx_hal_tim_ex.o
 .debug_aranges
                0x00000688       0xe0 Drivers\STM32F1xx_HAL_Driver\Src\stm32f1xx_ll_usb.o
 .debug_aranges
                0x00000768       0x90 Middlewares\ST\STM32_USB_Device_Library\Class\CDC\Src\usbd_cdc.o
 .debug_aranges
                0x000007f8       0xa8 Middlewares\ST\STM32_USB_Device_Library\Core\Src\usbd_core.o
 .debug_aranges
                0x000008a0       0x50 Middlewares\ST\STM32_USB_Device_Library\Core\Src\usbd_ctlreq.o
 .debug_aranges
                0x000008f0       0x50 Middlewares\ST\STM32_USB_Device_Library\Core\Src\usbd_ioreq.o
 .debug_aranges
                0x00000940       0x80 Src\main.o
 .debug_aranges
                0x000009c0       0x30 Src\stm32f1xx_hal_msp.o
 .debug_aranges
                0x000009f0       0x58 Src\stm32f1xx_it.o
 .debug_aranges
                0x00000a48       0x28 Src\system_stm32f1xx.o
 .debug_aranges
                0x00000a70       0x20 Src\usb_device.o
 .debug_aranges
                0x00000a90       0x48 Src\usbd_cdc_if.o
 .debug_aranges
                0x00000ad8      0x110 Src\usbd_conf.o
 .debug_aranges
                0x00000be8       0x58 Src\usbd_desc.o
 .debug_aranges
                0x00000c40       0x28 startup\startup_stm32f103xb.o

.debug_ranges   0x00000000     0x10c8
 .debug_ranges  0x00000000       0xb8 Drivers\STM32F1xx_HAL_Driver\Src\stm32f1xx_hal.o
 .debug_ranges  0x000000b8      0x128 Drivers\STM32F1xx_HAL_Driver\Src\stm32f1xx_hal_cortex.o
 .debug_ranges  0x000001e0       0x60 Drivers\STM32F1xx_HAL_Driver\Src\stm32f1xx_hal_gpio.o
 .debug_ranges  0x00000240      0x118 Drivers\STM32F1xx_HAL_Driver\Src\stm32f1xx_hal_pcd.o
 .debug_ranges  0x00000358       0x18 Drivers\STM32F1xx_HAL_Driver\Src\stm32f1xx_hal_pcd_ex.o
 .debug_ranges  0x00000370       0xa0 Drivers\STM32F1xx_HAL_Driver\Src\stm32f1xx_hal_rcc.o
 .debug_ranges  0x00000410       0x40 Drivers\STM32F1xx_HAL_Driver\Src\stm32f1xx_hal_rcc_ex.o
 .debug_ranges  0x00000450      0x340 Drivers\STM32F1xx_HAL_Driver\Src\stm32f1xx_hal_tim.o
 .debug_ranges  0x00000790       0xd8 Drivers\STM32F1xx_HAL_Driver\Src\stm32f1xx_hal_tim_ex.o
 .debug_ranges  0x00000868      0x260 Drivers\STM32F1xx_HAL_Driver\Src\stm32f1xx_ll_usb.o
 .debug_ranges  0x00000ac8       0x80 Middlewares\ST\STM32_USB_Device_Library\Class\CDC\Src\usbd_cdc.o
 .debug_ranges  0x00000b48       0x98 Middlewares\ST\STM32_USB_Device_Library\Core\Src\usbd_core.o
 .debug_ranges  0x00000be0       0xc0 Middlewares\ST\STM32_USB_Device_Library\Core\Src\usbd_ctlreq.o
 .debug_ranges  0x00000ca0       0x40 Middlewares\ST\STM32_USB_Device_Library\Core\Src\usbd_ioreq.o
 .debug_ranges  0x00000ce0      0x120 Src\main.o
 .debug_ranges  0x00000e00       0x90 Src\stm32f1xx_hal_msp.o
 .debug_ranges  0x00000e90       0x48 Src\stm32f1xx_it.o
 .debug_ranges  0x00000ed8       0x18 Src\system_stm32f1xx.o
 .debug_ranges  0x00000ef0       0x10 Src\usb_device.o
 .debug_ranges  0x00000f00       0x38 Src\usbd_cdc_if.o
 .debug_ranges  0x00000f38      0x128 Src\usbd_conf.o
 .debug_ranges  0x00001060       0x48 Src\usbd_desc.o
 .debug_ranges  0x000010a8       0x20 startup\startup_stm32f103xb.o

.debug_line     0x00000000     0x7332
 .debug_line    0x00000000      0x45f Drivers\STM32F1xx_HAL_Driver\Src\stm32f1xx_hal.o
 .debug_line    0x0000045f      0x469 Drivers\STM32F1xx_HAL_Driver\Src\stm32f1xx_hal_cortex.o
 .debug_line    0x000008c8      0x45e Drivers\STM32F1xx_HAL_Driver\Src\stm32f1xx_hal_gpio.o
 .debug_line    0x00000d26      0x702 Drivers\STM32F1xx_HAL_Driver\Src\stm32f1xx_hal_pcd.o
 .debug_line    0x00001428      0x2ff Drivers\STM32F1xx_HAL_Driver\Src\stm32f1xx_hal_pcd_ex.o
 .debug_line    0x00001727      0x639 Drivers\STM32F1xx_HAL_Driver\Src\stm32f1xx_hal_rcc.o
 .debug_line    0x00001d60      0x3cc Drivers\STM32F1xx_HAL_Driver\Src\stm32f1xx_hal_rcc_ex.o
 .debug_line    0x0000212c     0x115f Drivers\STM32F1xx_HAL_Driver\Src\stm32f1xx_hal_tim.o
 .debug_line    0x0000328b      0x701 Drivers\STM32F1xx_HAL_Driver\Src\stm32f1xx_hal_tim_ex.o
 .debug_line    0x0000398c      0x628 Drivers\STM32F1xx_HAL_Driver\Src\stm32f1xx_ll_usb.o
 .debug_line    0x00003fb4      0x543 Middlewares\ST\STM32_USB_Device_Library\Class\CDC\Src\usbd_cdc.o
 .debug_line    0x000044f7      0x52d Middlewares\ST\STM32_USB_Device_Library\Core\Src\usbd_core.o
 .debug_line    0x00004a24      0x4ad Middlewares\ST\STM32_USB_Device_Library\Core\Src\usbd_ctlreq.o
 .debug_line    0x00004ed1      0x3c3 Middlewares\ST\STM32_USB_Device_Library\Core\Src\usbd_ioreq.o
 .debug_line    0x00005294      0x571 Src\main.o
 .debug_line    0x00005805      0x314 Src\stm32f1xx_hal_msp.o
 .debug_line    0x00005b19      0x359 Src\stm32f1xx_it.o
 .debug_line    0x00005e72      0x2bf Src\system_stm32f1xx.o
 .debug_line    0x00006131      0x39b Src\usb_device.o
 .debug_line    0x000064cc      0x3d1 Src\usbd_cdc_if.o
 .debug_line    0x0000689d      0x63d Src\usbd_conf.o
 .debug_line    0x00006eda      0x3db Src\usbd_desc.o
 .debug_line    0x000072b5       0x7d startup\startup_stm32f103xb.o

.debug_str      0x00000000     0x4419
 .debug_str     0x00000000      0xbe0 Drivers\STM32F1xx_HAL_Driver\Src\stm32f1xx_hal.o
                                0xc87 (size before relaxing)
 .debug_str     0x00000be0      0x2e1 Drivers\STM32F1xx_HAL_Driver\Src\stm32f1xx_hal_cortex.o
                                0xdaf (size before relaxing)
 .debug_str     0x00000ec1      0x1c9 Drivers\STM32F1xx_HAL_Driver\Src\stm32f1xx_hal_gpio.o
                                0x91c (size before relaxing)
 .debug_str     0x0000108a      0x7d3 Drivers\STM32F1xx_HAL_Driver\Src\stm32f1xx_hal_pcd.o
                                0xf16 (size before relaxing)
 .debug_str     0x0000185d       0x57 Drivers\STM32F1xx_HAL_Driver\Src\stm32f1xx_hal_pcd_ex.o
                                0xa41 (size before relaxing)
 .debug_str     0x000018b4      0x326 Drivers\STM32F1xx_HAL_Driver\Src\stm32f1xx_hal_rcc.o
                                0xafa (size before relaxing)
 .debug_str     0x00001bda      0x12b Drivers\STM32F1xx_HAL_Driver\Src\stm32f1xx_hal_rcc_ex.o
                                0x8d7 (size before relaxing)
 .debug_str     0x00001d05     0x109f Drivers\STM32F1xx_HAL_Driver\Src\stm32f1xx_hal_tim.o
                               0x184b (size before relaxing)
 .debug_str     0x00002da4      0x4f1 Drivers\STM32F1xx_HAL_Driver\Src\stm32f1xx_hal_tim_ex.o
                               0x10ed (size before relaxing)
 .debug_str     0x00003295      0x155 Drivers\STM32F1xx_HAL_Driver\Src\stm32f1xx_ll_usb.o
                                0xc14 (size before relaxing)
 .debug_str     0x000033ea      0x64f Middlewares\ST\STM32_USB_Device_Library\Class\CDC\Src\usbd_cdc.o
                                0xdc0 (size before relaxing)
 .debug_str     0x00003a39      0x2a0 Middlewares\ST\STM32_USB_Device_Library\Core\Src\usbd_core.o
                                0xd32 (size before relaxing)
 .debug_str     0x00003cd9      0x12e Middlewares\ST\STM32_USB_Device_Library\Core\Src\usbd_ctlreq.o
                                0xc4c (size before relaxing)
 .debug_str     0x00003e07       0x51 Middlewares\ST\STM32_USB_Device_Library\Core\Src\usbd_ioreq.o
                                0xb79 (size before relaxing)
 .debug_str     0x00003e58      0x1f0 Src\main.o
                               0x106e (size before relaxing)
 .debug_str     0x00004048       0x25 Src\stm32f1xx_hal_msp.o
                                0xe29 (size before relaxing)
 .debug_str     0x0000406d       0xdd Src\stm32f1xx_it.o
                                0xe08 (size before relaxing)
 .debug_str     0x0000414a       0x4d Src\system_stm32f1xx.o
                                0x785 (size before relaxing)
 .debug_str     0x00004197       0x38 Src\usb_device.o
                                0xb3c (size before relaxing)
 .debug_str     0x000041cf       0x80 Src\usbd_cdc_if.o
                                0xc21 (size before relaxing)
 .debug_str     0x0000424f       0x65 Src\usbd_conf.o
                               0x1626 (size before relaxing)
 .debug_str     0x000042b4      0x165 Src\usbd_desc.o
                                0x94f (size before relaxing)

.comment        0x00000000       0x7c
 .comment       0x00000000       0x7c Drivers\STM32F1xx_HAL_Driver\Src\stm32f1xx_hal.o
                                 0x7d (size before relaxing)
 .comment       0x0000007c       0x7d Drivers\STM32F1xx_HAL_Driver\Src\stm32f1xx_hal_cortex.o
 .comment       0x0000007c       0x7d Drivers\STM32F1xx_HAL_Driver\Src\stm32f1xx_hal_gpio.o
 .comment       0x0000007c       0x7d Drivers\STM32F1xx_HAL_Driver\Src\stm32f1xx_hal_pcd.o
 .comment       0x0000007c       0x7d Drivers\STM32F1xx_HAL_Driver\Src\stm32f1xx_hal_pcd_ex.o
 .comment       0x0000007c       0x7d Drivers\STM32F1xx_HAL_Driver\Src\stm32f1xx_hal_rcc.o
 .comment       0x0000007c       0x7d Drivers\STM32F1xx_HAL_Driver\Src\stm32f1xx_hal_rcc_ex.o
 .comment       0x0000007c       0x7d Drivers\STM32F1xx_HAL_Driver\Src\stm32f1xx_hal_tim.o
 .comment       0x0000007c       0x7d Drivers\STM32F1xx_HAL_Driver\Src\stm32f1xx_hal_tim_ex.o
 .comment       0x0000007c       0x7d Drivers\STM32F1xx_HAL_Driver\Src\stm32f1xx_ll_usb.o
 .comment       0x0000007c       0x7d Middlewares\ST\STM32_USB_Device_Library\Class\CDC\Src\usbd_cdc.o
 .comment       0x0000007c       0x7d Middlewares\ST\STM32_USB_Device_Library\Core\Src\usbd_core.o
 .comment       0x0000007c       0x7d Middlewares\ST\STM32_USB_Device_Library\Core\Src\usbd_ctlreq.o
 .comment       0x0000007c       0x7d Middlewares\ST\STM32_USB_Device_Library\Core\Src\usbd_ioreq.o
 .comment       0x0000007c       0x7d Src\main.o
 .comment       0x0000007c       0x7d Src\stm32f1xx_hal_msp.o
 .comment       0x0000007c       0x7d Src\stm32f1xx_it.o
 .comment       0x0000007c       0x7d Src\system_stm32f1xx.o
 .comment       0x0000007c       0x7d Src\usb_device.o
 .comment       0x0000007c       0x7d Src\usbd_cdc_if.o
 .comment       0x0000007c       0x7d Src\usbd_conf.o
 .comment       0x0000007c       0x7d Src\usbd_desc.o

.debug_frame    0x00000000     0x215c
 .debug_frame   0x00000000      0x1b0 Drivers\STM32F1xx_HAL_Driver\Src\stm32f1xx_hal.o
 .debug_frame   0x000001b0      0x120 Drivers\STM32F1xx_HAL_Driver\Src\stm32f1xx_hal_cortex.o
 .debug_frame   0x000002d0       0xd4 Drivers\STM32F1xx_HAL_Driver\Src\stm32f1xx_hal_gpio.o
 .debug_frame   0x000003a4      0x2c4 Drivers\STM32F1xx_HAL_Driver\Src\stm32f1xx_hal_pcd.o
 .debug_frame   0x00000668       0x30 Drivers\STM32F1xx_HAL_Driver\Src\stm32f1xx_hal_pcd_ex.o
 .debug_frame   0x00000698      0x150 Drivers\STM32F1xx_HAL_Driver\Src\stm32f1xx_hal_rcc.o
 .debug_frame   0x000007e8       0x6c Drivers\STM32F1xx_HAL_Driver\Src\stm32f1xx_hal_rcc_ex.o
 .debug_frame   0x00000854      0x854 Drivers\STM32F1xx_HAL_Driver\Src\stm32f1xx_hal_tim.o
 .debug_frame   0x000010a8      0x320 Drivers\STM32F1xx_HAL_Driver\Src\stm32f1xx_hal_tim_ex.o
 .debug_frame   0x000013c8      0x22c Drivers\STM32F1xx_HAL_Driver\Src\stm32f1xx_ll_usb.o
 .debug_frame   0x000015f4      0x14c Middlewares\ST\STM32_USB_Device_Library\Class\CDC\Src\usbd_cdc.o
 .debug_frame   0x00001740      0x1c0 Middlewares\ST\STM32_USB_Device_Library\Core\Src\usbd_core.o
 .debug_frame   0x00001900       0xcc Middlewares\ST\STM32_USB_Device_Library\Core\Src\usbd_ctlreq.o
 .debug_frame   0x000019cc       0xb8 Middlewares\ST\STM32_USB_Device_Library\Core\Src\usbd_ioreq.o
 .debug_frame   0x00001a84      0x140 Src\main.o
 .debug_frame   0x00001bc4       0x50 Src\stm32f1xx_hal_msp.o
 .debug_frame   0x00001c14       0xc0 Src\stm32f1xx_it.o
 .debug_frame   0x00001cd4       0x30 Src\system_stm32f1xx.o
 .debug_frame   0x00001d04       0x30 Src\usb_device.o
 .debug_frame   0x00001d34       0x94 Src\usbd_cdc_if.o
 .debug_frame   0x00001dc8      0x284 Src\usbd_conf.o
 .debug_frame   0x0000204c       0xc4 Src\usbd_desc.o
 .debug_frame   0x00002110       0x2c c:/program files (x86)/atollic/truestudio for stm32 9.2.0/armtools/bin/../lib/gcc/arm-atollic-eabi/6.3.1/../../../../arm-atollic-eabi/lib/armv7-m\libc_nano.a(lib_a-init.o)
 .debug_frame   0x0000213c       0x20 c:/program files (x86)/atollic/truestudio for stm32 9.2.0/armtools/bin/../lib/gcc/arm-atollic-eabi/6.3.1/../../../../arm-atollic-eabi/lib/armv7-m\libc_nano.a(lib_a-memset.o)
